============================= test session starts =============================
platform win32 -- Python 3.13.3, pytest-7.4.3, pluggy-1.5.0 -- C:\Python313\python.exe
cachedir: .pytest_cache
metadata: {'Python': '3.13.3', 'Platform': 'Windows-11-10.0.26100-SP0', 'Packages': {'pytest': '7.4.3', 'pluggy': '1.5.0'}, 'Plugins': {'anyio': '4.8.0', 'langsmith': '0.3.4', 'html': '4.1.1', 'metadata': '3.1.1'}}
rootdir: C:\Users\victo\Downloads\prestamos streamlit\project
configfile: pytest.ini
plugins: anyio-4.8.0, langsmith-0.3.4, html-4.1.1, metadata-3.1.1
collecting ... collected 1 item

project\tests\test_cliente_busqueda.py::TestClienteBusqueda::test_buscar_cliente_existente ERROR [100%]

=================================== ERRORS ====================================
_____ ERROR at setup of TestClienteBusqueda.test_buscar_cliente_existente _____

request = <SubRequest 'driver' for <Function test_buscar_cliente_existente>>

    @pytest.fixture(scope="function")
    def driver(request):
        """Fixture para crear y destruir el driver de Selenium."""
        # Inicializar el driver de Chrome
        options = webdriver.ChromeOptions()
        # options.add_argument("--headless")  # Descomentar para ejecutar en modo headless
        options.add_argument("--no-sandbox")
        options.add_argument("--disable-dev-shm-usage")
        options.add_argument("--start-maximized")
    
        service = ChromeService(ChromeDriverManager().install())
>       web_driver = webdriver.Chrome(service=service, options=options)

project\tests\conftest.py:49: 
_ _ _ _ _ _ _ _ _ _ _ _ _ _ _ _ _ _ _ _ _ _ _ _ _ _ _ _ _ _ _ _ _ _ _ _ _ _ _ _
..\..\AppData\Roaming\Python\Python313\site-packages\selenium\webdriver\chrome\webdriver.py:45: in __init__
    super().__init__(
..\..\AppData\Roaming\Python\Python313\site-packages\selenium\webdriver\chromium\webdriver.py:53: in __init__
    self.service.start()
..\..\AppData\Roaming\Python\Python313\site-packages\selenium\webdriver\common\service.py:98: in start
    self._start_process(self._path)
..\..\AppData\Roaming\Python\Python313\site-packages\selenium\webdriver\common\service.py:204: in _start_process
    self.process = subprocess.Popen(
C:\Python313\Lib\subprocess.py:1039: in __init__
    self._execute_child(args, executable, preexec_fn, close_fds,
_ _ _ _ _ _ _ _ _ _ _ _ _ _ _ _ _ _ _ _ _ _ _ _ _ _ _ _ _ _ _ _ _ _ _ _ _ _ _ _

self = <Popen: returncode: None args: ['C:\\Users\\victo\\.wdm\\drivers\\chromedriv...>
args = 'C:\\Users\\victo\\.wdm\\drivers\\chromedriver\\win64\\139.0.7258.66\\chromedriver-win32/THIRD_PARTY_NOTICES.chromedriver --port=50673'
executable = None, preexec_fn = None, close_fds = False, pass_fds = ()
cwd = None
env = environ({'ACSVCPORT': '17532', 'ALLUSERSPROFILE': 'C:\\ProgramData', 'APPDATA': 'C:\\Users\\victo\\AppData\\Roaming', ..., 'PYTEST_CURRENT_TEST': 'tests/test_cliente_busqueda.py::TestClienteBusqueda::test_buscar_cliente_existente (setup)'})
startupinfo = <subprocess.STARTUPINFO object at 0x0000015E19DBCD70>
creationflags = 0, shell = False, p2cread = Handle(872), p2cwrite = 13
c2pread = -1, c2pwrite = Handle(856), errread = -1, errwrite = Handle(744)
unused_restore_signals = True, unused_gid = None, unused_gids = None
unused_uid = None, unused_umask = -1, unused_start_new_session = False
unused_process_group = -1

    def _execute_child(self, args, executable, preexec_fn, close_fds,
                       pass_fds, cwd, env,
                       startupinfo, creationflags, shell,
                       p2cread, p2cwrite,
                       c2pread, c2pwrite,
                       errread, errwrite,
                       unused_restore_signals,
                       unused_gid, unused_gids, unused_uid,
                       unused_umask,
                       unused_start_new_session, unused_process_group):
        """Execute program (MS Windows version)"""
    
        assert not pass_fds, "pass_fds not supported on Windows."
    
        if isinstance(args, str):
            pass
        elif isinstance(args, bytes):
            if shell:
                raise TypeError('bytes args is not allowed on Windows')
            args = list2cmdline([args])
        elif isinstance(args, os.PathLike):
            if shell:
                raise TypeError('path-like args is not allowed when '
                                'shell is true')
            args = list2cmdline([args])
        else:
            args = list2cmdline(args)
    
        if executable is not None:
            executable = os.fsdecode(executable)
    
        # Process startup details
        if startupinfo is None:
            startupinfo = STARTUPINFO()
        else:
            # bpo-34044: Copy STARTUPINFO since it is modified above,
            # so the caller can reuse it multiple times.
            startupinfo = startupinfo.copy()
    
        use_std_handles = -1 not in (p2cread, c2pwrite, errwrite)
        if use_std_handles:
            startupinfo.dwFlags |= _winapi.STARTF_USESTDHANDLES
            startupinfo.hStdInput = p2cread
            startupinfo.hStdOutput = c2pwrite
            startupinfo.hStdError = errwrite
    
        attribute_list = startupinfo.lpAttributeList
        have_handle_list = bool(attribute_list and
                                "handle_list" in attribute_list and
                                attribute_list["handle_list"])
    
        # If we were given an handle_list or need to create one
        if have_handle_list or (use_std_handles and close_fds):
            if attribute_list is None:
                attribute_list = startupinfo.lpAttributeList = {}
            handle_list = attribute_list["handle_list"] = \
                list(attribute_list.get("handle_list", []))
    
            if use_std_handles:
                handle_list += [int(p2cread), int(c2pwrite), int(errwrite)]
    
            handle_list[:] = self._filter_handle_list(handle_list)
    
            if handle_list:
                if not close_fds:
                    warnings.warn("startupinfo.lpAttributeList['handle_list'] "
                                  "overriding close_fds", RuntimeWarning)
    
                # When using the handle_list we always request to inherit
                # handles but the only handles that will be inherited are
                # the ones in the handle_list
                close_fds = False
    
        if shell:
            startupinfo.dwFlags |= _winapi.STARTF_USESHOWWINDOW
            startupinfo.wShowWindow = _winapi.SW_HIDE
            if not executable:
                # gh-101283: without a fully-qualified path, before Windows
                # checks the system directories, it first looks in the
                # application directory, and also the current directory if
                # NeedCurrentDirectoryForExePathW(ExeName) is true, so try
                # to avoid executing unqualified "cmd.exe".
                comspec = os.environ.get('ComSpec')
                if not comspec:
                    system_root = os.environ.get('SystemRoot', '')
                    comspec = os.path.join(system_root, 'System32', 'cmd.exe')
                    if not os.path.isabs(comspec):
                        raise FileNotFoundError('shell not found: neither %ComSpec% nor %SystemRoot% is set')
                if os.path.isabs(comspec):
                    executable = comspec
            else:
                comspec = executable
    
            args = '{} /c "{}"'.format (comspec, args)
    
        if cwd is not None:
            cwd = os.fsdecode(cwd)
    
        sys.audit("subprocess.Popen", executable, args, cwd, env)
    
        # Start the process
        try:
>           hp, ht, pid, tid = _winapi.CreateProcess(executable, args,
                                     # no special security
                                     None, None,
                                     int(not close_fds),
                                     creationflags,
                                     env,
                                     cwd,
                                     startupinfo)
E                                    OSError: [WinError 193] %1 no es una aplicaci¾n Win32 vßlida

C:\Python313\Lib\subprocess.py:1551: OSError
- Generated html report: file:///C:/Users/victo/Downloads/prestamos%20streamlit/result/report.html -
=========================== short test summary info ===========================
ERROR project\tests\test_cliente_busqueda.py::TestClienteBusqueda::test_buscar_cliente_existente
============================== 1 error in 1.36s ===============================
